// Jest Snapshot v1, https://goo.gl/fbAQLP

exports[`Home When mounted renders correctly 1`] = `
<div
  className="homeViewContainer"
>
  <h1>
    Home
  </h1>
  <section>
    <h2>
      Albums
    </h2>
    <_default />
  </section>
</div>
`;
