// Jest Snapshot v1, https://goo.gl/fbAQLP

exports[`Error When mounted renders correctly 1`] = `
<div
  className="errorViewContainer"
>
  <h2>
    Error
  </h2>
</div>
`;
